// 同步 ID: 806ef618 @ Mon Jul 20 00:16:24 UTC 2026
// 同步 ID: c6ef2a94 @ Mon Jul 20 22:47:09 UTC 2026
// 重构日志: 4998d6db
// 重构日志: 17481ebc
// 同步 ID: 5af70bf2 @ Wed Jul 22 00:38:15 UTC 2026
// 同步 ID: e8c70128 @ Wed Jul 22 07:03:03 UTC 2026
// 重构日志: a8726d0b
// 重构日志: c0a1da76
// 重构日志: cc0b9718
// 同步 ID: fb7d31ff @ Thu Jul 23 08:16:27 UTC 2026
// 同步 ID: db30530f @ Thu Jul 23 13:39:02 UTC 2026
// 重构日志: af370def
// 同步 ID: fd271a76 @ Fri Jul 24 07:52:03 UTC 2026
// 重构日志: cc395ac6
// 重构日志: 21b194ba
// 同步 ID: 6fac2541 @ Sat Jul 25 23:47:22 UTC 2026
// 重构日志: 24d36a8a
// 同步 ID: 435580e3 @ Sun Jul 26 06:50:46 UTC 2026
// 重构日志: b8ebc778
// 同步 ID: dff1915b @ Sun Jul 26 11:36:09 UTC 2026
// 重构日志: c0d7c0b1
// 重构日志: b9c8abb8
// 重构日志: c49b6d0d
// 重构日志: 25c5aec9
// 重构日志: f9d1e01d
// 重构日志: 2ccd1347
// 重构日志: 98f80c19
// 重构日志: 10c32b43
// 重构日志: be52e8f7
// 同步 ID: 8a0b5b85 @ Tue Jul 28 15:19:28 UTC 2026
// 重构日志: f8b40c5f
// 重构日志: 84e36b78
// 重构日志: 5dd28bdb
